// Jest Snapshot v1, https://goo.gl/fbAQLP

exports[`CP with missing fixture selected 1`] = `
<div
  className="root"
>
  <div
    className="leftNav"
  >
    <div
      className="header"
    >
      <div
        className="buttons"
      >
        <a
          className="button"
          href="/"
          onClick={[Function]}
        >
          <svg
            viewBox="0 0 24 24"
          >
            <path
              d="M10 20v-6h4v6h5v-8h3L12 3 2 12h3v8z"
            />
          </svg>
        </a>
      </div>
      <div
        className="buttons"
      >
        <a
          className="button"
          href="/?component=ComponentA&fixture=foot&editor=true"
          onClick={[Function]}
        >
          <svg
            viewBox="0 0 24 24"
          >
            <path
              d="M9.4 16.6L4.8 12l4.6-4.6L8 6l-6 6 6 6 1.4-1.4zm5.2 0l4.6-4.6-4.6-4.6L16 6l6 6-6 6-1.4-1.4z"
            />
          </svg>
        </a>
        <a
          className="button"
          href="/?component=ComponentA&fixture=foot&fullScreen=true"
          onClick={[Function]}
        >
          <svg
            viewBox="0 0 24 24"
          >
            <path
              d="M7 14H5v5h5v-2H7v-3zm-2-4h2V7h3V5H5v5zm12 7h-3v2h5v-5h-2v3zM14 5v2h3v3h2V5h-5z"
            />
          </svg>
        </a>
      </div>
    </div>
    <div
      className="root"
    >
      <div
        className="searchInputContainer"
      >
        <input
          className="searchInput"
          onChange={[Function]}
          placeholder="Search..."
          value=""
        />
        <svg
          viewBox="0 0 24 24"
        >
          <path
            d="M15.5 14h-.79l-.28-.27C15.41 12.59 16 11.11 16 9.5 16 5.91 13.09 3 9.5 3S3 5.91 3 9.5 5.91 16 9.5 16c1.61 0 3.09-.59 4.23-1.57l.27.28v.79l5 4.99L20.49 19l-4.99-5zm-6 0C7.01 14 5 11.99 5 9.5S7.01 5 9.5 5 14 7.01 14 9.5 11.99 14 9.5 14z"
          />
        </svg>
      </div>
      <div
        className="list"
      >
        <div
          className="component"
        >
          <div
            className="componentName"
          >
            <svg
              viewBox="0 0 24 24"
            >
              <path
                d="M10 4H4c-1.1 0-1.99.9-1.99 2L2 18c0 1.1.9 2 2 2h16c1.1 0 2-.9 2-2V8c0-1.1-.9-2-2-2h-8l-2-2z"
              />
            </svg>
            <span>
              ComponentA
            </span>
          </div>
          <div>
            <a
              className="fixture"
              href="/?component=ComponentA&fixture=foo"
              onClick={[Function]}
            >
              foo
            </a>
            <a
              className="fixture"
              href="/?component=ComponentA&fixture=bar"
              onClick={[Function]}
            >
              bar
            </a>
          </div>
        </div>
        <div
          className="component"
        >
          <div
            className="componentName"
          >
            <svg
              viewBox="0 0 24 24"
            >
              <path
                d="M10 4H4c-1.1 0-1.99.9-1.99 2L2 18c0 1.1.9 2 2 2h16c1.1 0 2-.9 2-2V8c0-1.1-.9-2-2-2h-8l-2-2z"
              />
            </svg>
            <span>
              ComponentB
            </span>
          </div>
          <div>
            <a
              className="fixture"
              href="/?component=ComponentB&fixture=baz"
              onClick={[Function]}
            >
              baz
            </a>
            <a
              className="fixture"
              href="/?component=ComponentB&fixture=qux"
              onClick={[Function]}
            >
              qux
            </a>
          </div>
        </div>
      </div>
    </div>
  </div>
  <div
    className="loader"
  >
    <div
      className="root"
    >
      <div
        className="stars"
      />
      <div
        className="content"
      >
        <div
          className="root"
        >
          <div
            className="inner"
          >
            <img
              src={Object {}}
            />
            <div>
              <p
                className="header"
              >
                Invalid coordinates.
              </p>
              <p>
                No astronomical object found at
                 
                <strong>
                  ComponentA
                  :
                  foot
                </strong>
                .
              </p>
            </div>
          </div>
        </div>
      </div>
    </div>
    <iframe
      className="loaderFrame"
      src="/mock/loader/index.html"
      style={
        Object {
          "display": "none",
        }
      }
    />
  </div>
</div>
`;
